// Jest Snapshot v1, https://goo.gl/fbAQLP

exports[`renders correctly 1`] = `
<div>
  <div
    id="page-header"
  >
    <nav>
      <div
        className="logo-bg"
      >
        <svg
          className="logo"
          id="logo"
          viewBox="0 0 200.14 53.845"
          xmlns="http://www.w3.org/2000/svg"
        >
          <style>
            .st0
            {
            fill:none
            }
            .st1
            {
            fill:#f9e5c0
            }
            .st2
            {
            fill:#faf49b
            }
            .st3
            {
            fill:#f2dd74
            }
            .st4
            {
            fill:#ffdf3d
            }
          </style>
          <path
            className="st0"
            d="M74.504 25.619H71.91v3.508h2.406c.708 0 1.277-.148 1.707-.443.43-.296.645-.731.645-1.304 0-1.174-.722-1.761-2.164-1.761zM127.291 25.887h-1.465v9.961h1.465c.932 0 1.719-.453 2.359-1.357.64-.906.961-2.138.961-3.696 0-1.335-.285-2.488-.853-3.455-.57-.969-1.392-1.453-2.467-1.453z"
          />
          <path
            className="st1"
            d="M51.732 26.117h3.805v13.952h5.336V26.117h3.804v-4.396H51.732zM81.896 29.927c.43-.81.645-1.745.645-2.802 0-1.622-.584-2.928-1.754-3.918-1.169-.99-2.812-1.486-4.927-1.486h-9.584V40.07h5.633v-7.017h1.776l2.68 7.017h6.244l-3.32-7.998c1.308-.62 2.177-1.334 2.607-2.145zm-5.874-1.243c-.43.295-.999.443-1.707.443h-2.406v-3.508h2.594c1.443 0 2.164.587 2.164 1.761.001.573-.215 1.008-.645 1.304zM85.271 40.069h13.805v-4.382h-8.28v-2.998h6.694v-4.072h-6.694v-2.662h8.28v-4.234H85.271zM112.411 27.152c0 1.639.143 3.244.429 4.812-.438-1.013-1.083-2.186-1.935-3.522l-4.275-6.72h-5.324v18.349h4.57v-8.885c0-.825-.148-1.829-.444-3.011.656 1.487 1.306 2.75 1.951 3.79l5.026 8.107h4.584V21.721h-4.584v5.431zM127.291 21.721h-7.097V40.07h7.447c2.626 0 4.76-.858 6.406-2.574 1.644-1.716 2.466-3.945 2.466-6.688 0-2.401-.766-4.517-2.298-6.344-1.533-1.829-3.841-2.743-6.924-2.743zm2.359 12.77c-.64.905-1.427 1.357-2.359 1.357h-1.465v-9.961h1.465c1.076 0 1.898.484 2.467 1.452.568.968.853 2.12.853 3.455 0 1.559-.321 2.791-.961 3.697zM138.891 21.721h5.632V40.07h-5.632zM158.827 27.152c0 1.639.143 3.244.429 4.812-.438-1.013-1.083-2.186-1.935-3.522l-4.276-6.72h-5.323v18.349h4.571v-8.885c0-.825-.149-1.829-.444-3.011.656 1.487 1.306 2.75 1.951 3.79l5.026 8.107h4.584V21.721h-4.584v5.431zM174.487 25.511c1.406 0 2.245.954 2.513 2.864l5.458-.538c-.395-2.043-1.259-3.62-2.594-4.731-1.335-1.112-3.096-1.666-5.283-1.666-2.912 0-5.105.934-6.579 2.802s-2.212 4.173-2.212 6.916c0 2.823.762 5.061 2.285 6.715 1.524 1.653 3.468 2.48 5.834 2.48 2.231 0 3.916-.735 5.054-2.204.269.52.515 1.16.739 1.922h2.756V29.786h-8.267v3.899h3.039c-.01.717-.254 1.282-.733 1.694-.48.412-1.06.618-1.741.618-.842 0-1.559-.338-2.15-1.014-.592-.676-.887-2.078-.887-4.201-.002-3.514.922-5.271 2.768-5.271zM199.073 31.05c-.618-.866-1.389-1.477-2.312-1.834-.923-.358-2.483-.769-4.679-1.232-.798-.17-1.336-.349-1.613-.537a.904.904 0 0 1-.417-.793c0-.762.613-1.143 1.841-1.143 1.479 0 2.46.614 2.944 1.841l4.664-1.411c-1.201-3.003-3.67-4.503-7.406-4.503-2.465 0-4.353.573-5.666 1.721s-1.97 2.586-1.97 4.315c0 1.345.457 2.515 1.371 3.51.913.995 2.979 1.801 6.197 2.418.842.17 1.427.364 1.755.584.326.22.491.527.491.921 0 .752-.708 1.129-2.124 1.129-1.819 0-2.948-.739-3.387-2.218l-5.229.942c1.048 3.727 3.808 5.591 8.28 5.591 2.447 0 4.422-.576 5.928-1.728 1.505-1.152 2.258-2.657 2.258-4.514.001-1.174-.308-2.194-.926-3.059z"
          />
          <path
            className="st2"
            d="M30.033 8.4c-15.354 10.312-4.444 21.088-4.444 28.535 0 9.726-15.145 17.492-24.971 4.428 2.484 7.233 9.467 12.443 17.693 12.443 10.307 0 18.663-8.179 18.663-18.268 0-13.233-9.759-10.566-6.941-27.138z"
          />
          <path
            className="st3"
            d="M22.599 40.455c-7.804 6.832-14.073-2.422-11.21-7.782 2.523-4.723.547-16.448-6.589-20.482.724 5.587.1 9.937-3.021 15.154-2.218 3.708-2.294 9.388-.612 12.219 4.29 7.214 16.787 10.561 21.432.891z"
          />
          <path
            className="st4"
            d="M13.912 27.949C20.211 20.766 26.5 10.235 18.654.134c.799 7.688-.086 12.914-7.018 16.841 1.833 3.582 2.531 5.624 2.276 10.974z"
          />
        </svg>
      </div>
      <div
        className="opened-module-title"
      >
        
      </div>
      <button
        className="MuiButtonBase-root-85 MuiButton-root-59 MuiButton-text-61 MuiButton-flat-64 menu-toggle"
        disabled={false}
        onBlur={[Function]}
        onClick={[Function]}
        onFocus={[Function]}
        onKeyDown={[Function]}
        onKeyUp={[Function]}
        onMouseDown={[Function]}
        onMouseLeave={[Function]}
        onMouseUp={[Function]}
        onTouchEnd={[Function]}
        onTouchMove={[Function]}
        onTouchStart={[Function]}
        tabIndex="0"
        type="button"
      >
        <span
          className="MuiButton-label-60"
        >
          <svg
            aria-hidden="true"
            aria-label="Settings"
            className="MuiSvgIcon-root-88"
            focusable="false"
            role="presentation"
            viewBox="0 0 24 24"
          >
            <path
              d="M0 0h20v20H0V0z"
              fill="none"
              transform="scale(1.2, 1.2)"
            />
            <path
              d="M15.95 10.78c.03-.25.05-.51.05-.78s-.02-.53-.06-.78l1.69-1.32c.15-.12.19-.34.1-.51l-1.6-2.77c-.1-.18-.31-.24-.49-.18l-1.99.8c-.42-.32-.86-.58-1.35-.78L12 2.34c-.03-.2-.2-.34-.4-.34H8.4c-.2 0-.36.14-.39.34l-.3 2.12c-.49.2-.94.47-1.35.78l-1.99-.8c-.18-.07-.39 0-.49.18l-1.6 2.77c-.1.18-.06.39.1.51l1.69 1.32c-.04.25-.07.52-.07.78s.02.53.06.78L2.37 12.1c-.15.12-.19.34-.1.51l1.6 2.77c.1.18.31.24.49.18l1.99-.8c.42.32.86.58 1.35.78l.3 2.12c.04.2.2.34.4.34h3.2c.2 0 .37-.14.39-.34l.3-2.12c.49-.2.94-.47 1.35-.78l1.99.8c.18.07.39 0 .49-.18l1.6-2.77c.1-.18.06-.39-.1-.51l-1.67-1.32zM10 13c-1.65 0-3-1.35-3-3s1.35-3 3-3 3 1.35 3 3-1.35 3-3 3z"
              transform="scale(1.2, 1.2)"
            />
          </svg>
        </span>
        <span
          className="MuiTouchRipple-root-97"
        />
      </button>
    </nav>
  </div>
  <div
    id="youtube"
  >
    <div>
      <div
        className="row-card"
      />
    </div>
  </div>
</div>
`;
